
> crex@0.1.0 build
> next build

  Γû▓ Next.js 14.2.35

   Creating an optimized production build ...
 Γ£ô Compiled successfully
   Linting and checking validity of types ...
npm : 
At line:1 char:1
+ npm run build > build_output.log 2>&1
+ ~~~~~~~~~~~~~~~~~~~~~~~~~~~~~~~~~~~~~
    + CategoryInfo          : NotSpecifie 
   d: (:String) [], RemoteException
    + FullyQualifiedErrorId : NativeComma 
   ndError
 
Failed to compile.

./src/app/layout.tsx
24:9  Warning: Custom fonts not added in 
`pages/_document.js` will only load for a 
single page. This is discouraged. See: htt
ps://nextjs.org/docs/messages/no-page-cust
om-font  @next/next/no-page-custom-font

./src/components/Footer.tsx
4:10  Error: 'cn' is defined but never 
used.  @typescript-eslint/no-unused-vars

./src/components/modals/MomentumTrackerDem
o.tsx
75:40  Error: 'i' is defined but never 
used.  @typescript-eslint/no-unused-vars

./src/components/SeasonTimeline.tsx
8:10  Error: 'motion' is defined but 
never used.  
@typescript-eslint/no-unused-vars

./src/components/TeamMarquee.tsx
3:10  Error: 'useEffect' is defined but 
never used.  
@typescript-eslint/no-unused-vars
3:21  Error: 'useRef' is defined but 
never used.  
@typescript-eslint/no-unused-vars

./src/components/Trivia.tsx
196:23  Error: 'scale' is never 
reassigned. Use 'const' instead.  
prefer-const

info  - Need to disable some ESLint 
rules? Learn more here: https://nextjs.org
/docs/basic-features/eslint#disabling-rule
s
